// Jest Snapshot v1, https://goo.gl/fbAQLP

exports[`<Home /> test should render correctly 1`] = `ShallowWrapper {}`;
